Archive member included to satisfy reference by file (symbol)

c:/ac6/systemworkbench/plugins/fr.ac6.mcu.externaltools.arm-none.win32_1.13.2.201705091103/tools/compiler/bin/../lib/gcc/arm-none-eabi/5.4.1/../../../../arm-none-eabi/lib/armv7-m\libc_nano.a(lib_a-exit.o)
                              c:/ac6/systemworkbench/plugins/fr.ac6.mcu.externaltools.arm-none.win32_1.13.2.201705091103/tools/compiler/bin/../lib/gcc/arm-none-eabi/5.4.1/../../../../arm-none-eabi/lib/armv7-m/crt0.o (exit)
c:/ac6/systemworkbench/plugins/fr.ac6.mcu.externaltools.arm-none.win32_1.13.2.201705091103/tools/compiler/bin/../lib/gcc/arm-none-eabi/5.4.1/../../../../arm-none-eabi/lib/armv7-m\libc_nano.a(lib_a-impure.o)
                              c:/ac6/systemworkbench/plugins/fr.ac6.mcu.externaltools.arm-none.win32_1.13.2.201705091103/tools/compiler/bin/../lib/gcc/arm-none-eabi/5.4.1/../../../../arm-none-eabi/lib/armv7-m\libc_nano.a(lib_a-exit.o) (_global_impure_ptr)
c:/ac6/systemworkbench/plugins/fr.ac6.mcu.externaltools.arm-none.win32_1.13.2.201705091103/tools/compiler/bin/../lib/gcc/arm-none-eabi/5.4.1/../../../../arm-none-eabi/lib/armv7-m\libc_nano.a(lib_a-init.o)
                              c:/ac6/systemworkbench/plugins/fr.ac6.mcu.externaltools.arm-none.win32_1.13.2.201705091103/tools/compiler/bin/../lib/gcc/arm-none-eabi/5.4.1/../../../../arm-none-eabi/lib/armv7-m/crt0.o (__libc_init_array)
c:/ac6/systemworkbench/plugins/fr.ac6.mcu.externaltools.arm-none.win32_1.13.2.201705091103/tools/compiler/bin/../lib/gcc/arm-none-eabi/5.4.1/../../../../arm-none-eabi/lib/armv7-m\libc_nano.a(lib_a-memcpy-stub.o)
                              Middlewares/Third_Party/FreeRTOS/Source/queue.o (memcpy)
c:/ac6/systemworkbench/plugins/fr.ac6.mcu.externaltools.arm-none.win32_1.13.2.201705091103/tools/compiler/bin/../lib/gcc/arm-none-eabi/5.4.1/../../../../arm-none-eabi/lib/armv7-m\libc_nano.a(lib_a-memset.o)
                              c:/ac6/systemworkbench/plugins/fr.ac6.mcu.externaltools.arm-none.win32_1.13.2.201705091103/tools/compiler/bin/../lib/gcc/arm-none-eabi/5.4.1/../../../../arm-none-eabi/lib/armv7-m/crt0.o (memset)
c:/ac6/systemworkbench/plugins/fr.ac6.mcu.externaltools.arm-none.win32_1.13.2.201705091103/tools/compiler/bin/../lib/gcc/arm-none-eabi/5.4.1/../../../../arm-none-eabi/lib/armv7-m\libnosys.a(_exit.o)
                              c:/ac6/systemworkbench/plugins/fr.ac6.mcu.externaltools.arm-none.win32_1.13.2.201705091103/tools/compiler/bin/../lib/gcc/arm-none-eabi/5.4.1/../../../../arm-none-eabi/lib/armv7-m\libc_nano.a(lib_a-exit.o) (_exit)

Allocating common symbols
Common symbol       size              file

defaultTaskHandle   0x4               Src/main.o
queueMutHandle      0x4               Src/main.o
task01Handle        0x4               Src/main.o
slotSemHandle       0x4               Src/main.o
xQueueRegistry      0x40              Middlewares/Third_Party/FreeRTOS/Source/queue.o
pFlash              0x20              Drivers/STM32F1xx_HAL_Driver/Src/stm32f1xx_hal_flash.o
task02Handle        0x4               Src/main.o
itemSemHandle       0x4               Src/main.o
htim1               0x3c              Src/stm32f1xx_hal_timebase_TIM.o

Discarded input sections

 .text          0x00000000        0x0 c:/ac6/systemworkbench/plugins/fr.ac6.mcu.externaltools.arm-none.win32_1.13.2.201705091103/tools/compiler/bin/../lib/gcc/arm-none-eabi/5.4.1/armv7-m/crti.o
 .data          0x00000000        0x0 c:/ac6/systemworkbench/plugins/fr.ac6.mcu.externaltools.arm-none.win32_1.13.2.201705091103/tools/compiler/bin/../lib/gcc/arm-none-eabi/5.4.1/armv7-m/crti.o
 .bss           0x00000000        0x0 c:/ac6/systemworkbench/plugins/fr.ac6.mcu.externaltools.arm-none.win32_1.13.2.201705091103/tools/compiler/bin/../lib/gcc/arm-none-eabi/5.4.1/armv7-m/crti.o
 .data          0x00000000        0x4 c:/ac6/systemworkbench/plugins/fr.ac6.mcu.externaltools.arm-none.win32_1.13.2.201705091103/tools/compiler/bin/../lib/gcc/arm-none-eabi/5.4.1/armv7-m/crtbegin.o
 .text          0x00000000       0x74 c:/ac6/systemworkbench/plugins/fr.ac6.mcu.externaltools.arm-none.win32_1.13.2.201705091103/tools/compiler/bin/../lib/gcc/arm-none-eabi/5.4.1/../../../../arm-none-eabi/lib/armv7-m/crt0.o
 .data          0x00000000        0x0 c:/ac6/systemworkbench/plugins/fr.ac6.mcu.externaltools.arm-none.win32_1.13.2.201705091103/tools/compiler/bin/../lib/gcc/arm-none-eabi/5.4.1/../../../../arm-none-eabi/lib/armv7-m/crt0.o
 .bss           0x00000000        0x0 c:/ac6/systemworkbench/plugins/fr.ac6.mcu.externaltools.arm-none.win32_1.13.2.201705091103/tools/compiler/bin/../lib/gcc/arm-none-eabi/5.4.1/../../../../arm-none-eabi/lib/armv7-m/crt0.o
 .ARM.extab     0x00000000        0x0 c:/ac6/systemworkbench/plugins/fr.ac6.mcu.externaltools.arm-none.win32_1.13.2.201705091103/tools/compiler/bin/../lib/gcc/arm-none-eabi/5.4.1/../../../../arm-none-eabi/lib/armv7-m/crt0.o
[...]
Memory Configuration

Name             Origin             Length             Attributes
RAM              0x20000000         0x00005000         xrw
FLASH            0x08000000         0x00010000         xr
*default*        0x00000000         0xffffffff

Linker script and memory map

LOAD c:/ac6/systemworkbench/plugins/fr.ac6.mcu.externaltools.arm-none.win32_1.13.2.201705091103/tools/compiler/bin/../lib/gcc/arm-none-eabi/5.4.1/armv7-m/crti.o
LOAD c:/ac6/systemworkbench/plugins/fr.ac6.mcu.externaltools.arm-none.win32_1.13.2.201705091103/tools/compiler/bin/../lib/gcc/arm-none-eabi/5.4.1/armv7-m/crtbegin.o
LOAD c:/ac6/systemworkbench/plugins/fr.ac6.mcu.externaltools.arm-none.win32_1.13.2.201705091103/tools/compiler/bin/../lib/gcc/arm-none-eabi/5.4.1/../../../../arm-none-eabi/lib/armv7-m/crt0.o
LOAD Drivers/STM32F1xx_HAL_Driver/Src/stm32f1xx_hal.o
LOAD Drivers/STM32F1xx_HAL_Driver/Src/stm32f1xx_hal_cortex.o
LOAD Drivers/STM32F1xx_HAL_Driver/Src/stm32f1xx_hal_dma.o
LOAD Drivers/STM32F1xx_HAL_Driver/Src/stm32f1xx_hal_flash.o
LOAD Drivers/STM32F1xx_HAL_Driver/Src/stm32f1xx_hal_flash_ex.o
LOAD Drivers/STM32F1xx_HAL_Driver/Src/stm32f1xx_hal_gpio.o
LOAD Drivers/STM32F1xx_HAL_Driver/Src/stm32f1xx_hal_gpio_ex.o
LOAD Drivers/STM32F1xx_HAL_Driver/Src/stm32f1xx_hal_pwr.o
LOAD Drivers/STM32F1xx_HAL_Driver/Src/stm32f1xx_hal_rcc.o
LOAD Drivers/STM32F1xx_HAL_Driver/Src/stm32f1xx_hal_rcc_ex.o
LOAD Drivers/STM32F1xx_HAL_Driver/Src/stm32f1xx_hal_tim.o
LOAD Drivers/STM32F1xx_HAL_Driver/Src/stm32f1xx_hal_tim_ex.o
LOAD Middlewares/Third_Party/FreeRTOS/Source/CMSIS_RTOS/cmsis_os.o
LOAD Middlewares/Third_Party/FreeRTOS/Source/croutine.o
LOAD Middlewares/Third_Party/FreeRTOS/Source/event_groups.o
LOAD Middlewares/Third_Party/FreeRTOS/Source/list.o
LOAD Middlewares/Third_Party/FreeRTOS/Source/queue.o
LOAD Middlewares/Third_Party/FreeRTOS/Source/tasks.o
LOAD Middlewares/Third_Party/FreeRTOS/Source/timers.o
LOAD Middlewares/Third_Party/FreeRTOS/Source/portable/GCC/ARM_CM3/port.o
LOAD Middlewares/Third_Party/FreeRTOS/Source/portable/MemMang/heap_4.o
LOAD Src/freertos.o
LOAD Src/main.o
LOAD Src/stm32f1xx_hal_msp.o
LOAD Src/stm32f1xx_hal_timebase_TIM.o
LOAD Src/stm32f1xx_it.o
LOAD Src/system_stm32f1xx.o
LOAD startup/startup_stm32f103xb.o
LOAD c:/ac6/systemworkbench/plugins/fr.ac6.mcu.externaltools.arm-none.win32_1.13.2.201705091103/tools/compiler/bin/../lib/gcc/arm-none-eabi/5.4.1/../../../../arm-none-eabi/lib/armv7-m\libm.a
START GROUP
LOAD c:/ac6/systemworkbench/plugins/fr.ac6.mcu.externaltools.arm-none.win32_1.13.2.201705091103/tools/compiler/bin/../lib/gcc/arm-none-eabi/5.4.1/armv7-m\libgcc.a
LOAD c:/ac6/systemworkbench/plugins/fr.ac6.mcu.externaltools.arm-none.win32_1.13.2.201705091103/tools/compiler/bin/../lib/gcc/arm-none-eabi/5.4.1/../../../../arm-none-eabi/lib/armv7-m\libc_nano.a
END GROUP
START GROUP
LOAD c:/ac6/systemworkbench/plugins/fr.ac6.mcu.externaltools.arm-none.win32_1.13.2.201705091103/tools/compiler/bin/../lib/gcc/arm-none-eabi/5.4.1/armv7-m\libgcc.a
LOAD c:/ac6/systemworkbench/plugins/fr.ac6.mcu.externaltools.arm-none.win32_1.13.2.201705091103/tools/compiler/bin/../lib/gcc/arm-none-eabi/5.4.1/../../../../arm-none-eabi/lib/armv7-m\libc_nano.a
LOAD c:/ac6/systemworkbench/plugins/fr.ac6.mcu.externaltools.arm-none.win32_1.13.2.201705091103/tools/compiler/bin/../lib/gcc/arm-none-eabi/5.4.1/../../../../arm-none-eabi/lib/armv7-m\libnosys.a
END GROUP
START GROUP
LOAD c:/ac6/systemworkbench/plugins/fr.ac6.mcu.externaltools.arm-none.win32_1.13.2.201705091103/tools/compiler/bin/../lib/gcc/arm-none-eabi/5.4.1/armv7-m\libgcc.a
LOAD c:/ac6/systemworkbench/plugins/fr.ac6.mcu.externaltools.arm-none.win32_1.13.2.201705091103/tools/compiler/bin/../lib/gcc/arm-none-eabi/5.4.1/../../../../arm-none-eabi/lib/armv7-m\libc_nano.a
LOAD c:/ac6/systemworkbench/plugins/fr.ac6.mcu.externaltools.arm-none.win32_1.13.2.201705091103/tools/compiler/bin/../lib/gcc/arm-none-eabi/5.4.1/../../../../arm-none-eabi/lib/armv7-m\libnosys.a
END GROUP
LOAD c:/ac6/systemworkbench/plugins/fr.ac6.mcu.externaltools.arm-none.win32_1.13.2.201705091103/tools/compiler/bin/../lib/gcc/arm-none-eabi/5.4.1/armv7-m/crtend.o
LOAD c:/ac6/systemworkbench/plugins/fr.ac6.mcu.externaltools.arm-none.win32_1.13.2.201705091103/tools/compiler/bin/../lib/gcc/arm-none-eabi/5.4.1/armv7-m/crtn.o
                0x20005000                _estack = 0x20005000
                0x00000200                _Min_Heap_Size = 0x200
                0x00000400                _Min_Stack_Size = 0x400

.isr_vector     0x08000000      0x10c
                0x08000000                . = ALIGN (0x4)
 *(.isr_vector)
 .isr_vector    0x08000000      0x10c startup/startup_stm32f103xb.o
                0x08000000                g_pfnVectors
                0x0800010c                . = ALIGN (0x4)

.text           0x0800010c     0x2d98
                0x0800010c                . = ALIGN (0x4)
 *(.text)
 .text          0x0800010c       0x5c c:/ac6/systemworkbench/plugins/fr.ac6.mcu.externaltools.arm-none.win32_1.13.2.201705091103/tools/compiler/bin/../lib/gcc/arm-none-eabi/5.4.1/armv7-m/crtbegin.o
 *(.text*)
 .text.HAL_Init
                0x08000168       0x24 Drivers/STM32F1xx_HAL_Driver/Src/stm32f1xx_hal.o
                0x08000168                HAL_Init
 .text.HAL_IncTick
                0x0800018c       0x10 Drivers/STM32F1xx_HAL_Driver/Src/stm32f1xx_hal.o
                0x0800018c                HAL_IncTick
 .text.HAL_GetTick
                0x0800019c        0xc Drivers/STM32F1xx_HAL_Driver/Src/stm32f1xx_hal.o
                0x0800019c                HAL_GetTick
 .text.HAL_Delay
                0x080001a8       0x1c Drivers/STM32F1xx_HAL_Driver/Src/stm32f1xx_hal.o
                0x080001a8                HAL_Delay
 .text.HAL_NVIC_SetPriorityGrouping
                0x080001c4       0x24 Drivers/STM32F1xx_HAL_Driver/Src/stm32f1xx_hal_cortex.o
                0x080001c4                HAL_NVIC_SetPriorityGrouping
 .text.HAL_NVIC_SetPriority
                0x080001e8       0x64 Drivers/STM32F1xx_HAL_Driver/Src/stm32f1xx_hal_cortex.o
                0x080001e8                HAL_NVIC_SetPriority
 .text.HAL_NVIC_EnableIRQ
                0x0800024c       0x18 Drivers/STM32F1xx_HAL_Driver/Src/stm32f1xx_hal_cortex.o
                0x0800024c                HAL_NVIC_EnableIRQ
 .text.HAL_SYSTICK_Config
                0x08000264       0x2c Drivers/STM32F1xx_HAL_Driver/Src/stm32f1xx_hal_cortex.o
                0x08000264                HAL_SYSTICK_Config
 .text.HAL_SYSTICK_CLKSourceConfig
                0x08000290       0x20 Drivers/STM32F1xx_HAL_Driver/Src/stm32f1xx_hal_cortex.o
                0x08000290                HAL_SYSTICK_CLKSourceConfig
 .text.HAL_GPIO_Init
                0x080002b0      0x1d8 Drivers/STM32F1xx_HAL_Driver/Src/stm32f1xx_hal_gpio.o
                0x080002b0                HAL_GPIO_Init
 .text.HAL_GPIO_WritePin
                0x08000488        0xc Drivers/STM32F1xx_HAL_Driver/Src/stm32f1xx_hal_gpio.o
                0x08000488                HAL_GPIO_WritePin
 .text.HAL_GPIO_TogglePin
                0x08000494        0x8 Drivers/STM32F1xx_HAL_Driver/Src/stm32f1xx_hal_gpio.o
                0x08000494                HAL_GPIO_TogglePin
 .text.HAL_RCC_OscConfig
                0x0800049c      0x5ec Drivers/STM32F1xx_HAL_Driver/Src/stm32f1xx_hal_rcc.o
                0x0800049c                HAL_RCC_OscConfig
 .text.HAL_RCC_GetSysClockFreq
                0x08000a88       0x94 Drivers/STM32F1xx_HAL_Driver/Src/stm32f1xx_hal_rcc.o
                0x08000a88                HAL_RCC_GetSysClockFreq
 .text.HAL_RCC_ClockConfig
                0x08000b1c      0x1e4 Drivers/STM32F1xx_HAL_Driver/Src/stm32f1xx_hal_rcc.o
                0x08000b1c                HAL_RCC_ClockConfig
 .text.HAL_RCC_GetHCLKFreq
                0x08000d00        0xc Drivers/STM32F1xx_HAL_Driver/Src/stm32f1xx_hal_rcc.o
                0x08000d00                HAL_RCC_GetHCLKFreq
 .text.HAL_RCC_GetPCLK2Freq
                0x08000d0c       0x30 Drivers/STM32F1xx_HAL_Driver/Src/stm32f1xx_hal_rcc.o
                0x08000d0c                HAL_RCC_GetPCLK2Freq
 .text.HAL_RCC_GetClockConfig
                0x08000d3c       0x3c Drivers/STM32F1xx_HAL_Driver/Src/stm32f1xx_hal_rcc.o
                0x08000d3c                HAL_RCC_GetClockConfig
 .text.HAL_TIM_Base_MspInit
                0x08000d78        0x4 Drivers/STM32F1xx_HAL_Driver/Src/stm32f1xx_hal_tim.o
                0x08000d78                HAL_TIM_Base_MspInit
 .text.HAL_TIM_Base_Start_IT
                0x08000d7c       0x18 Drivers/STM32F1xx_HAL_Driver/Src/stm32f1xx_hal_tim.o
                0x08000d7c                HAL_TIM_Base_Start_IT
 .text.HAL_TIM_OC_DelayElapsedCallback
                0x08000d94        0x4 Drivers/STM32F1xx_HAL_Driver/Src/stm32f1xx_hal_tim.o
                0x08000d94                HAL_TIM_OC_DelayElapsedCallback
 .text.HAL_TIM_IC_CaptureCallback
                0x08000d98        0x4 Drivers/STM32F1xx_HAL_Driver/Src/stm32f1xx_hal_tim.o
                0x08000d98                HAL_TIM_IC_CaptureCallback
 .text.HAL_TIM_PWM_PulseFinishedCallback
                0x08000d9c        0x4 Drivers/STM32F1xx_HAL_Driver/Src/stm32f1xx_hal_tim.o
                0x08000d9c                HAL_TIM_PWM_PulseFinishedCallback
 .text.HAL_TIM_TriggerCallback
                0x08000da0        0x4 Drivers/STM32F1xx_HAL_Driver/Src/stm32f1xx_hal_tim.o
                0x08000da0                HAL_TIM_TriggerCallback
 .text.HAL_TIM_IRQHandler
                0x08000da4      0x174 Drivers/STM32F1xx_HAL_Driver/Src/stm32f1xx_hal_tim.o
                0x08000da4                HAL_TIM_IRQHandler
 .text.TIM_Base_SetConfig
                0x08000f18       0x68 Drivers/STM32F1xx_HAL_Driver/Src/stm32f1xx_hal_tim.o
                0x08000f18                TIM_Base_SetConfig
 .text.HAL_TIM_Base_Init
                0x08000f80       0x38 Drivers/STM32F1xx_HAL_Driver/Src/stm32f1xx_hal_tim.o
                0x08000f80                HAL_TIM_Base_Init
 .text.HAL_TIMEx_CommutationCallback
                0x08000fb8        0x4 Drivers/STM32F1xx_HAL_Driver/Src/stm32f1xx_hal_tim_ex.o
                0x08000fb8                HAL_TIMEx_CommutationCallback
 .text.HAL_TIMEx_BreakCallback
                0x08000fbc        0x4 Drivers/STM32F1xx_HAL_Driver/Src/stm32f1xx_hal_tim_ex.o
                0x08000fbc                HAL_TIMEx_BreakCallback
 .text.makeFreeRtosPriority
                0x08000fc0        0xc Middlewares/Third_Party/FreeRTOS/Source/CMSIS_RTOS/cmsis_os.o
 .text.inHandlerMode
                0x08000fcc        0xc Middlewares/Third_Party/FreeRTOS/Source/CMSIS_RTOS/cmsis_os.o
 .text.osKernelStart
                0x08000fd8        0xc Middlewares/Third_Party/FreeRTOS/Source/CMSIS_RTOS/cmsis_os.o
                0x08000fd8                osKernelStart
 .text.osThreadCreate
                0x08000fe4       0x3c Middlewares/Third_Party/FreeRTOS/Source/CMSIS_RTOS/cmsis_os.o
                0x08000fe4                osThreadCreate
 .text.osDelay  0x08001020       0x10 Middlewares/Third_Party/FreeRTOS/Source/CMSIS_RTOS/cmsis_os.o
                0x08001020                osDelay
 .text.osMutexCreate
                0x08001030        0xc Middlewares/Third_Party/FreeRTOS/Source/CMSIS_RTOS/cmsis_os.o
                0x08001030                osMutexCreate
 .text.osMutexWait
                0x0800103c       0x68 Middlewares/Third_Party/FreeRTOS/Source/CMSIS_RTOS/cmsis_os.o
                0x0800103c                osMutexWait
 .text.osMutexRelease
                0x080010a4       0x54 Middlewares/Third_Party/FreeRTOS/Source/CMSIS_RTOS/cmsis_os.o
                0x080010a4                osMutexRelease
 .text.osSemaphoreCreate
                0x080010f8       0x2c Middlewares/Third_Party/FreeRTOS/Source/CMSIS_RTOS/cmsis_os.o
                0x080010f8                osSemaphoreCreate
 .text.osSystickHandler
                0x08001124       0x10 Middlewares/Third_Party/FreeRTOS/Source/CMSIS_RTOS/cmsis_os.o
                0x08001124                osSystickHandler
 .text.vListInitialise
                0x08001134       0x18 Middlewares/Third_Party/FreeRTOS/Source/list.o
                0x08001134                vListInitialise
 .text.vListInitialiseItem
                0x0800114c        0x8 Middlewares/Third_Party/FreeRTOS/Source/list.o
                0x0800114c                vListInitialiseItem
 .text.vListInsertEnd
                0x08001154       0x18 Middlewares/Third_Party/FreeRTOS/Source/list.o
                0x08001154                vListInsertEnd
 .text.vListInsert
                0x0800116c       0x34 Middlewares/Third_Party/FreeRTOS/Source/list.o
                0x0800116c                vListInsert
 .text.uxListRemove
                0x080011a0       0x24 Middlewares/Third_Party/FreeRTOS/Source/list.o
                0x080011a0                uxListRemove
 .text.prvIsQueueFull
                0x080011c4       0x20 Middlewares/Third_Party/FreeRTOS/Source/queue.o
 .text.prvIsQueueEmpty
                0x080011e4       0x1c Middlewares/Third_Party/FreeRTOS/Source/queue.o
 .text.prvCopyDataToQueue
                0x08001200       0x7c Middlewares/Third_Party/FreeRTOS/Source/queue.o
 .text.prvCopyDataFromQueue
                0x0800127c       0x24 Middlewares/Third_Party/FreeRTOS/Source/queue.o
 .text.prvUnlockQueue
                0x080012a0       0x64 Middlewares/Third_Party/FreeRTOS/Source/queue.o
 .text.xQueueGenericReset
                0x08001304       0x64 Middlewares/Third_Party/FreeRTOS/Source/queue.o
                0x08001304                xQueueGenericReset
 .text.xQueueGenericCreate
                0x08001368       0x48 Middlewares/Third_Party/FreeRTOS/Source/queue.o
                0x08001368                xQueueGenericCreate
 .text.xQueueCreateCountingSemaphore
                0x080013b0       0x30 Middlewares/Third_Party/FreeRTOS/Source/queue.o
                0x080013b0                xQueueCreateCountingSemaphore
 .text.xQueueGenericSend
                0x080013e0      0x12c Middlewares/Third_Party/FreeRTOS/Source/queue.o
                0x080013e0                xQueueGenericSend
 .text.xQueueCreateMutex
                0x0800150c       0x44 Middlewares/Third_Party/FreeRTOS/Source/queue.o
                0x0800150c                xQueueCreateMutex
 .text.xQueueGenericSendFromISR
                0x08001550       0xa8 Middlewares/Third_Party/FreeRTOS/Source/queue.o
                0x08001550                xQueueGenericSendFromISR
 .text.xQueueGiveFromISR
                0x080015f8       0x8c Middlewares/Third_Party/FreeRTOS/Source/queue.o
                0x080015f8                xQueueGiveFromISR
 .text.xQueueGenericReceive
                0x08001684      0x13c Middlewares/Third_Party/FreeRTOS/Source/queue.o
                0x08001684                xQueueGenericReceive
 .text.xQueueReceiveFromISR
                0x080017c0       0x84 Middlewares/Third_Party/FreeRTOS/Source/queue.o
                0x080017c0                xQueueReceiveFromISR
 .text.vQueueAddToRegistry
                0x08001844       0x28 Middlewares/Third_Party/FreeRTOS/Source/queue.o
                0x08001844                vQueueAddToRegistry
 .text.vQueueWaitForMessageRestricted
                0x0800186c       0x40 Middlewares/Third_Party/FreeRTOS/Source/queue.o
                0x0800186c                vQueueWaitForMessageRestricted
 .text.prvResetNextTaskUnblockTime
                0x080018ac       0x2c Middlewares/Third_Party/FreeRTOS/Source/tasks.o
 .text.prvAllocateTCBAndStack
                0x080018d8       0x2c Middlewares/Third_Party/FreeRTOS/Source/tasks.o
 .text.prvDeleteTCB
                0x08001904       0x14 Middlewares/Third_Party/FreeRTOS/Source/tasks.o
 .text.prvInitialiseTCBVariables
                0x08001918       0x50 Middlewares/Third_Party/FreeRTOS/Source/tasks.o
 .text.prvInitialiseTaskLists
                0x08001968       0x58 Middlewares/Third_Party/FreeRTOS/Source/tasks.o
 .text.prvAddCurrentTaskToDelayedList
                0x080019c0       0x44 Middlewares/Third_Party/FreeRTOS/Source/tasks.o
 .text.xTaskGenericCreate
                0x08001a04      0x10c Middlewares/Third_Party/FreeRTOS/Source/tasks.o
                0x08001a04                xTaskGenericCreate
 .text.vTaskStartScheduler
                0x08001b10       0x5c Middlewares/Third_Party/FreeRTOS/Source/tasks.o
                0x08001b10                vTaskStartScheduler
 .text.vTaskSuspendAll
                0x08001b6c       0x14 Middlewares/Third_Party/FreeRTOS/Source/tasks.o
                0x08001b6c                vTaskSuspendAll
 .text.xTaskGetTickCount
                0x08001b80        0xc Middlewares/Third_Party/FreeRTOS/Source/tasks.o
                0x08001b80                xTaskGetTickCount
 .text.xTaskIncrementTick
                0x08001b8c      0x110 Middlewares/Third_Party/FreeRTOS/Source/tasks.o
                0x08001b8c                xTaskIncrementTick
 .text.xTaskResumeAll
                0x08001c9c       0xdc Middlewares/Third_Party/FreeRTOS/Source/tasks.o
                0x08001c9c                xTaskResumeAll
 .text.vTaskDelay
                0x08001d78       0x60 Middlewares/Third_Party/FreeRTOS/Source/tasks.o
                0x08001d78                vTaskDelay
 .text.prvCheckTasksWaitingTermination
                0x08001dd8       0x54 Middlewares/Third_Party/FreeRTOS/Source/tasks.o
 .text.prvIdleTask
                0x08001e2c       0x18 Middlewares/Third_Party/FreeRTOS/Source/tasks.o
 .text.vTaskSwitchContext
                0x08001e44       0x80 Middlewares/Third_Party/FreeRTOS/Source/tasks.o
                0x08001e44                vTaskSwitchContext
 .text.vTaskPlaceOnEventList
                0x08001ec4       0x64 Middlewares/Third_Party/FreeRTOS/Source/tasks.o
                0x08001ec4                vTaskPlaceOnEventList
 .text.vTaskPlaceOnEventListRestricted
                0x08001f28       0x64 Middlewares/Third_Party/FreeRTOS/Source/tasks.o
                0x08001f28                vTaskPlaceOnEventListRestricted
 .text.xTaskRemoveFromEventList
                0x08001f8c       0x7c Middlewares/Third_Party/FreeRTOS/Source/tasks.o
                0x08001f8c                xTaskRemoveFromEventList
 .text.vTaskSetTimeOutState
                0x08002008       0x20 Middlewares/Third_Party/FreeRTOS/Source/tasks.o
                0x08002008                vTaskSetTimeOutState
 .text.xTaskCheckForTimeOut
                0x08002028       0x68 Middlewares/Third_Party/FreeRTOS/Source/tasks.o
                0x08002028                xTaskCheckForTimeOut
 .text.vTaskMissedYield
                0x08002090       0x10 Middlewares/Third_Party/FreeRTOS/Source/tasks.o
                0x08002090                vTaskMissedYield
 .text.xTaskGetSchedulerState
                0x080020a0       0x20 Middlewares/Third_Party/FreeRTOS/Source/tasks.o
                0x080020a0                xTaskGetSchedulerState
 .text.vTaskPriorityInherit
                0x080020c0       0xb4 Middlewares/Third_Party/FreeRTOS/Source/tasks.o
                0x080020c0                vTaskPriorityInherit
 .text.xTaskPriorityDisinherit
                0x08002174       0x9c Middlewares/Third_Party/FreeRTOS/Source/tasks.o
                0x08002174                xTaskPriorityDisinherit
 .text.pvTaskIncrementMutexHeldCount
                0x08002210       0x20 Middlewares/Third_Party/FreeRTOS/Source/tasks.o
                0x08002210                pvTaskIncrementMutexHeldCount
 .text.prvGetNextExpireTime
                0x08002230       0x20 Middlewares/Third_Party/FreeRTOS/Source/timers.o
 .text.prvInsertTimerInActiveList
                0x08002250       0x44 Middlewares/Third_Party/FreeRTOS/Source/timers.o
 .text.prvCheckForValidListAndQueue
                0x08002294       0x50 Middlewares/Third_Party/FreeRTOS/Source/timers.o
 .text.xTimerCreateTimerTask
                0x080022e4       0x44 Middlewares/Third_Party/FreeRTOS/Source/timers.o
                0x080022e4                xTimerCreateTimerTask
 .text.xTimerGenericCommand
                0x08002328       0x60 Middlewares/Third_Party/FreeRTOS/Source/timers.o
                0x08002328                xTimerGenericCommand
 .text.prvSwitchTimerLists
                0x08002388       0x68 Middlewares/Third_Party/FreeRTOS/Source/timers.o
 .text.prvSampleTimeNow
                0x080023f0       0x2c Middlewares/Third_Party/FreeRTOS/Source/timers.o
 .text.prvProcessExpiredTimer
                0x0800241c       0x54 Middlewares/Third_Party/FreeRTOS/Source/timers.o
 .text.prvProcessTimerOrBlockTask
                0x08002470       0x60 Middlewares/Third_Party/FreeRTOS/Source/timers.o
 .text.prvProcessReceivedCommands
                0x080024d0       0xa8 Middlewares/Third_Party/FreeRTOS/Source/timers.o
 .text.prvTimerTask
                0x08002578       0x18 Middlewares/Third_Party/FreeRTOS/Source/timers.o
 .text.prvPortStartFirstTask
                0x08002590       0x20 Middlewares/Third_Party/FreeRTOS/Source/portable/GCC/ARM_CM3/port.o
 .text.pxPortInitialiseStack
                0x080025b0       0x20 Middlewares/Third_Party/FreeRTOS/Source/portable/GCC/ARM_CM3/port.o
                0x080025b0                pxPortInitialiseStack
 .text.SVC_Handler
                0x080025d0       0x24 Middlewares/Third_Party/FreeRTOS/Source/portable/GCC/ARM_CM3/port.o
                0x080025d0                SVC_Handler
 .text.vPortYield
                0x080025f4       0x18 Middlewares/Third_Party/FreeRTOS/Source/portable/GCC/ARM_CM3/port.o
                0x080025f4                vPortYield
 .text.ulPortSetInterruptMask
                0x0800260c       0x10 Middlewares/Third_Party/FreeRTOS/Source/portable/GCC/ARM_CM3/port.o
                0x0800260c                ulPortSetInterruptMask
 .text.prvTaskExitError
                0x0800261c       0x1c Middlewares/Third_Party/FreeRTOS/Source/portable/GCC/ARM_CM3/port.o
 .text.vPortEnterCritical
                0x08002638       0x34 Middlewares/Third_Party/FreeRTOS/Source/portable/GCC/ARM_CM3/port.o
                0x08002638                vPortEnterCritical
 .text.vPortClearInterruptMask
                0x0800266c        0x8 Middlewares/Third_Party/FreeRTOS/Source/portable/GCC/ARM_CM3/port.o
                0x0800266c                vPortClearInterruptMask
 .text.vPortExitCritical
                0x08002674       0x24 Middlewares/Third_Party/FreeRTOS/Source/portable/GCC/ARM_CM3/port.o
                0x08002674                vPortExitCritical
 .text.PendSV_Handler
                0x08002698       0x44 Middlewares/Third_Party/FreeRTOS/Source/portable/GCC/ARM_CM3/port.o
                0x08002698                PendSV_Handler
 .text.xPortSysTickHandler
                0x080026dc       0x20 Middlewares/Third_Party/FreeRTOS/Source/portable/GCC/ARM_CM3/port.o
                0x080026dc                xPortSysTickHandler
 .text.vPortSetupTimerInterrupt
                0x080026fc       0x2c Middlewares/Third_Party/FreeRTOS/Source/portable/GCC/ARM_CM3/port.o
                0x080026fc                vPortSetupTimerInterrupt
 .text.xPortStartScheduler
                0x08002728       0x90 Middlewares/Third_Party/FreeRTOS/Source/portable/GCC/ARM_CM3/port.o
                0x08002728                xPortStartScheduler
 .text.vPortValidateInterruptPriority
                0x080027b8       0x44 Middlewares/Third_Party/FreeRTOS/Source/portable/GCC/ARM_CM3/port.o
                0x080027b8                vPortValidateInterruptPriority
 .text.prvHeapInit
                0x080027fc       0x58 Middlewares/Third_Party/FreeRTOS/Source/portable/MemMang/heap_4.o
 .text.prvInsertBlockIntoFreeList
                0x08002854       0x58 Middlewares/Third_Party/FreeRTOS/Source/portable/MemMang/heap_4.o
 .text.pvPortMalloc
                0x080028ac       0xe8 Middlewares/Third_Party/FreeRTOS/Source/portable/MemMang/heap_4.o
                0x080028ac                pvPortMalloc
 .text.vPortFree
                0x08002994       0x60 Middlewares/Third_Party/FreeRTOS/Source/portable/MemMang/heap_4.o
                0x08002994                vPortFree
 .text.MX_GPIO_Init
                0x080029f4       0x8c Src/main.o
 .text.StartDefaultTask
                0x08002a80        0xc Src/main.o
                0x08002a80                StartDefaultTask
 .text.StartTask01
                0x08002a8c       0x34 Src/main.o
                0x08002a8c                StartTask01
 .text.StartTask02
                0x08002ac0       0x50 Src/main.o
                0x08002ac0                StartTask02
 .text.HAL_TIM_PeriodElapsedCallback
                0x08002b10       0x14 Src/main.o
                0x08002b10                HAL_TIM_PeriodElapsedCallback
 .text._Error_Handler
                0x08002b24        0x4 Src/main.o
                0x08002b24                _Error_Handler
 .text.SystemClock_Config
                0x08002b28       0x84 Src/main.o
                0x08002b28                SystemClock_Config
 .text.main     0x08002bac       0xac Src/main.o
                0x08002bac                main
 .text.HAL_MspInit
                0x08002c58       0x90 Src/stm32f1xx_hal_msp.o
                0x08002c58                HAL_MspInit
 .text.HAL_InitTick
                0x08002ce8       0x78 Src/stm32f1xx_hal_timebase_TIM.o
                0x08002ce8                HAL_InitTick
 .text.NMI_Handler
                0x08002d60        0x4 Src/stm32f1xx_it.o
                0x08002d60                NMI_Handler
 .text.HardFault_Handler
                0x08002d64        0x4 Src/stm32f1xx_it.o
                0x08002d64                HardFault_Handler
 .text.MemManage_Handler
                0x08002d68        0x4 Src/stm32f1xx_it.o
                0x08002d68                MemManage_Handler
 .text.BusFault_Handler
                0x08002d6c        0x4 Src/stm32f1xx_it.o
                0x08002d6c                BusFault_Handler
 .text.UsageFault_Handler
                0x08002d70        0x4 Src/stm32f1xx_it.o
                0x08002d70                UsageFault_Handler
 .text.DebugMon_Handler
                0x08002d74        0x4 Src/stm32f1xx_it.o
                0x08002d74                DebugMon_Handler
 .text.SysTick_Handler
                0x08002d78        0x8 Src/stm32f1xx_it.o
                0x08002d78                SysTick_Handler
 .text.TIM1_UP_IRQHandler
                0x08002d80       0x10 Src/stm32f1xx_it.o
                0x08002d80                TIM1_UP_IRQHandler
 .text.SystemInit
                0x08002d90       0x4c Src/system_stm32f1xx.o
                0x08002d90                SystemInit
 .text.Reset_Handler
                0x08002ddc       0x48 startup/startup_stm32f103xb.o
                0x08002ddc                Reset_Handler
 .text.Default_Handler
                0x08002e24        0x2 startup/startup_stm32f103xb.o
                0x08002e24                RTC_Alarm_IRQHandler
                0x08002e24                EXTI2_IRQHandler
                0x08002e24                TIM1_CC_IRQHandler
                0x08002e24                PVD_IRQHandler
                0x08002e24                EXTI3_IRQHandler
                0x08002e24                EXTI0_IRQHandler
                0x08002e24                I2C2_EV_IRQHandler
                0x08002e24                ADC1_2_IRQHandler
                0x08002e24                SPI1_IRQHandler
                0x08002e24                TAMPER_IRQHandler
                0x08002e24                DMA1_Channel4_IRQHandler
                0x08002e24                USART3_IRQHandler
                0x08002e24                RTC_IRQHandler
                0x08002e24                DMA1_Channel7_IRQHandler
                0x08002e24                CAN1_RX1_IRQHandler
                0x08002e24                TIM4_IRQHandler
                0x08002e24                I2C1_EV_IRQHandler
                0x08002e24                DMA1_Channel6_IRQHandler
                0x08002e24                TIM3_IRQHandler
                0x08002e24                RCC_IRQHandler
                0x08002e24                TIM1_TRG_COM_IRQHandler
                0x08002e24                DMA1_Channel1_IRQHandler
                0x08002e24                Default_Handler
                0x08002e24                EXTI15_10_IRQHandler
                0x08002e24                EXTI9_5_IRQHandler
                0x08002e24                SPI2_IRQHandler
                0x08002e24                DMA1_Channel5_IRQHandler
                0x08002e24                EXTI4_IRQHandler
                0x08002e24                USB_LP_CAN1_RX0_IRQHandler
                0x08002e24                USB_HP_CAN1_TX_IRQHandler
                0x08002e24                DMA1_Channel3_IRQHandler
                0x08002e24                WWDG_IRQHandler
                0x08002e24                TIM2_IRQHandler
                0x08002e24                TIM1_BRK_IRQHandler
                0x08002e24                EXTI1_IRQHandler
                0x08002e24                USART2_IRQHandler
                0x08002e24                I2C2_ER_IRQHandler
                0x08002e24                DMA1_Channel2_IRQHandler
                0x08002e24                CAN1_SCE_IRQHandler
                0x08002e24                FLASH_IRQHandler
                0x08002e24                USART1_IRQHandler
                0x08002e24                I2C1_ER_IRQHandler
                0x08002e24                USBWakeUp_IRQHandler
 *fill*         0x08002e26        0x2 
 .text.__libc_init_array
                0x08002e28       0x4c c:/ac6/systemworkbench/plugins/fr.ac6.mcu.externaltools.arm-none.win32_1.13.2.201705091103/tools/compiler/bin/../lib/gcc/arm-none-eabi/5.4.1/../../../../arm-none-eabi/lib/armv7-m\libc_nano.a(lib_a-init.o)
                0x08002e28                __libc_init_array
 .text.memcpy   0x08002e74       0x16 c:/ac6/systemworkbench/plugins/fr.ac6.mcu.externaltools.arm-none.win32_1.13.2.201705091103/tools/compiler/bin/../lib/gcc/arm-none-eabi/5.4.1/../../../../arm-none-eabi/lib/armv7-m\libc_nano.a(lib_a-memcpy-stub.o)
                0x08002e74                memcpy
 *(.glue_7)
 .glue_7        0x08002e8a        0x0 linker stubs
 *(.glue_7t)
 .glue_7t       0x08002e8a        0x0 linker stubs
 *(.eh_frame)
 *fill*         0x08002e8a        0x2 
 .eh_frame      0x08002e8c        0x0 c:/ac6/systemworkbench/plugins/fr.ac6.mcu.externaltools.arm-none.win32_1.13.2.201705091103/tools/compiler/bin/../lib/gcc/arm-none-eabi/5.4.1/armv7-m/crtbegin.o
 *(.init)
 .init          0x08002e8c        0x4 c:/ac6/systemworkbench/plugins/fr.ac6.mcu.externaltools.arm-none.win32_1.13.2.201705091103/tools/compiler/bin/../lib/gcc/arm-none-eabi/5.4.1/armv7-m/crti.o
                0x08002e8c                _init
 .init          0x08002e90        0x8 c:/ac6/systemworkbench/plugins/fr.ac6.mcu.externaltools.arm-none.win32_1.13.2.201705091103/tools/compiler/bin/../lib/gcc/arm-none-eabi/5.4.1/armv7-m/crtn.o
 *(.fini)
 .fini          0x08002e98        0x4 c:/ac6/systemworkbench/plugins/fr.ac6.mcu.externaltools.arm-none.win32_1.13.2.201705091103/tools/compiler/bin/../lib/gcc/arm-none-eabi/5.4.1/armv7-m/crti.o
                0x08002e98                _fini
 .fini          0x08002e9c        0x8 c:/ac6/systemworkbench/plugins/fr.ac6.mcu.externaltools.arm-none.win32_1.13.2.201705091103/tools/compiler/bin/../lib/gcc/arm-none-eabi/5.4.1/armv7-m/crtn.o
                0x08002ea4                . = ALIGN (0x4)
                0x08002ea4                _etext = .

.vfp11_veneer   0x08002ea4        0x0
 .vfp11_veneer  0x08002ea4        0x0 linker stubs

.v4_bx          0x08002ea4        0x0
 .v4_bx         0x08002ea4        0x0 linker stubs

.iplt           0x08002ea4        0x0
 .iplt          0x08002ea4        0x0 c:/ac6/systemworkbench/plugins/fr.ac6.mcu.externaltools.arm-none.win32_1.13.2.201705091103/tools/compiler/bin/../lib/gcc/arm-none-eabi/5.4.1/armv7-m/crtbegin.o

.rodata         0x08002ea4       0xac
                0x08002ea4                . = ALIGN (0x4)
 *(.rodata)
 .rodata        0x08002ea4       0x12 Drivers/STM32F1xx_HAL_Driver/Src/stm32f1xx_hal_rcc.o
 *fill*         0x08002eb6        0x2 
 .rodata        0x08002eb8       0x3c Src/main.o
 .rodata        0x08002ef4       0x18 Src/system_stm32f1xx.o
                0x08002ef4                AHBPrescTable
                0x08002f04                APBPrescTable
 *(.rodata*)
 .rodata.str1.4
                0x08002f0c        0x5 Middlewares/Third_Party/FreeRTOS/Source/tasks.o
 *fill*         0x08002f11        0x3 
 .rodata.str1.4
                0x08002f14       0x10 Middlewares/Third_Party/FreeRTOS/Source/timers.o
 .rodata.str1.4
                0x08002f24       0x2c Src/main.o
                0x08002f50                . = ALIGN (0x4)

.rel.dyn        0x08002f50        0x0
 .rel.iplt      0x08002f50        0x0 c:/ac6/systemworkbench/plugins/fr.ac6.mcu.externaltools.arm-none.win32_1.13.2.201705091103/tools/compiler/bin/../lib/gcc/arm-none-eabi/5.4.1/armv7-m/crtbegin.o

.ARM.extab
 *(.ARM.extab* .gnu.linkonce.armextab.*)

.ARM            0x08002f50        0x0
                0x08002f50                __exidx_start = .
 *(.ARM.exidx*)
                0x08002f50                __exidx_end = .

.preinit_array  0x08002f50        0x0
                0x08002f50                PROVIDE (__preinit_array_start, .)
 *(.preinit_array*)
                0x08002f50                PROVIDE (__preinit_array_end, .)

.init_array     0x08002f50        0x4
                0x08002f50                PROVIDE (__init_array_start, .)
 *(SORT(.init_array.*))
 *(.init_array*)
 .init_array    0x08002f50        0x4 c:/ac6/systemworkbench/plugins/fr.ac6.mcu.externaltools.arm-none.win32_1.13.2.201705091103/tools/compiler/bin/../lib/gcc/arm-none-eabi/5.4.1/armv7-m/crtbegin.o
                0x08002f54                PROVIDE (__init_array_end, .)

.fini_array     0x08002f54        0x4
                [!provide]                PROVIDE (__fini_array_start, .)
 *(SORT(.fini_array.*))
 *(.fini_array*)
 .fini_array    0x08002f54        0x4 c:/ac6/systemworkbench/plugins/fr.ac6.mcu.externaltools.arm-none.win32_1.13.2.201705091103/tools/compiler/bin/../lib/gcc/arm-none-eabi/5.4.1/armv7-m/crtbegin.o
                [!provide]                PROVIDE (__fini_array_end, .)
                0x08002f58                _sidata = LOADADDR (.data)

.data           0x20000000        0x8 load address 0x08002f58
                0x20000000                . = ALIGN (0x4)
                0x20000000                _sdata = .
 *(.data)
 .data          0x20000000        0x4 Middlewares/Third_Party/FreeRTOS/Source/portable/GCC/ARM_CM3/port.o
 .data          0x20000004        0x4 Src/system_stm32f1xx.o
                0x20000004                SystemCoreClock
 *(.data*)
                0x20000008                . = ALIGN (0x4)
                0x20000008                _edata = .

.jcr            0x20000008        0x0 load address 0x08002f60
 .jcr           0x20000008        0x0 c:/ac6/systemworkbench/plugins/fr.ac6.mcu.externaltools.arm-none.win32_1.13.2.201705091103/tools/compiler/bin/../lib/gcc/arm-none-eabi/5.4.1/armv7-m/crtbegin.o

.igot.plt       0x20000008        0x0 load address 0x08002f60
 .igot.plt      0x20000008        0x0 c:/ac6/systemworkbench/plugins/fr.ac6.mcu.externaltools.arm-none.win32_1.13.2.201705091103/tools/compiler/bin/../lib/gcc/arm-none-eabi/5.4.1/armv7-m/crtbegin.o
                0x20000008                . = ALIGN (0x4)

.bss            0x20000008     0x1a34 load address 0x08002f60
                0x20000008                _sbss = .
                0x20000008                __bss_start__ = _sbss
 *(.bss)
 .bss           0x20000008       0x1c c:/ac6/systemworkbench/plugins/fr.ac6.mcu.externaltools.arm-none.win32_1.13.2.201705091103/tools/compiler/bin/../lib/gcc/arm-none-eabi/5.4.1/armv7-m/crtbegin.o
 .bss           0x20000024        0x4 Drivers/STM32F1xx_HAL_Driver/Src/stm32f1xx_hal.o
 .bss           0x20000028      0x128 Middlewares/Third_Party/FreeRTOS/Source/tasks.o
                0x20000124                pxCurrentTCB
 .bss           0x20000150       0x38 Middlewares/Third_Party/FreeRTOS/Source/timers.o
 .bss           0x20000188        0x8 Middlewares/Third_Party/FreeRTOS/Source/portable/GCC/ARM_CM3/port.o
 .bss           0x20000190     0x1818 Middlewares/Third_Party/FreeRTOS/Source/portable/MemMang/heap_4.o
 *(.bss*)
 *(COMMON)
 COMMON         0x200019a8       0x40 Middlewares/Third_Party/FreeRTOS/Source/queue.o
                0x200019a8                xQueueRegistry
 COMMON         0x200019e8       0x18 Src/main.o
                0x200019e8                defaultTaskHandle
                0x200019ec                queueMutHandle
                0x200019f0                task01Handle
                0x200019f4                slotSemHandle
                0x200019f8                task02Handle
                0x200019fc                itemSemHandle
 COMMON         0x20001a00       0x3c Src/stm32f1xx_hal_timebase_TIM.o
                0x20001a00                htim1
                0x20001a3c                . = ALIGN (0x4)
                0x20001a3c                _ebss = .
                0x20001a3c                __bss_end__ = _ebss

._user_heap_stack
                0x20001a3c      0x604 load address 0x08002f60
                0x20001a40                . = ALIGN (0x8)
 *fill*         0x20001a3c        0x4 
                [!provide]                PROVIDE (end, .)
                [!provide]                PROVIDE (_end, .)
                0x20001c40                . = (. + _Min_Heap_Size)
 *fill*         0x20001a40      0x200 
                0x20002040                . = (. + _Min_Stack_Size)
 *fill*         0x20001c40      0x400 
                0x20002040                . = ALIGN (0x8)

/DISCARD/
 libc.a(*)
 libm.a(*)
 libgcc.a(*)

.ARM.attributes
                0x00000000       0x29
 *(.ARM.attributes)
 .ARM.attributes
                0x00000000       0x1d c:/ac6/systemworkbench/plugins/fr.ac6.mcu.externaltools.arm-none.win32_1.13.2.201705091103/tools/compiler/bin/../lib/gcc/arm-none-eabi/5.4.1/armv7-m/crti.o
 .ARM.attributes
                0x0000001d       0x2d c:/ac6/systemworkbench/plugins/fr.ac6.mcu.externaltools.arm-none.win32_1.13.2.201705091103/tools/compiler/bin/../lib/gcc/arm-none-eabi/5.4.1/armv7-m/crtbegin.o
 .ARM.attributes
                0x0000004a       0x33 Drivers/STM32F1xx_HAL_Driver/Src/stm32f1xx_hal.o
 .ARM.attributes
                0x0000007d       0x33 Drivers/STM32F1xx_HAL_Driver/Src/stm32f1xx_hal_cortex.o
 .ARM.attributes
                0x000000b0       0x33 Drivers/STM32F1xx_HAL_Driver/Src/stm32f1xx_hal_gpio.o
 .ARM.attributes
                0x000000e3       0x33 Drivers/STM32F1xx_HAL_Driver/Src/stm32f1xx_hal_rcc.o
 .ARM.attributes
                0x00000116       0x33 Drivers/STM32F1xx_HAL_Driver/Src/stm32f1xx_hal_tim.o
 .ARM.attributes
                0x00000149       0x33 Drivers/STM32F1xx_HAL_Driver/Src/stm32f1xx_hal_tim_ex.o
 .ARM.attributes
                0x0000017c       0x33 Middlewares/Third_Party/FreeRTOS/Source/CMSIS_RTOS/cmsis_os.o
 .ARM.attributes
                0x000001af       0x33 Middlewares/Third_Party/FreeRTOS/Source/list.o
 .ARM.attributes
                0x000001e2       0x33 Middlewares/Third_Party/FreeRTOS/Source/queue.o
 .ARM.attributes
                0x00000215       0x33 Middlewares/Third_Party/FreeRTOS/Source/tasks.o
 .ARM.attributes
                0x00000248       0x33 Middlewares/Third_Party/FreeRTOS/Source/timers.o
 .ARM.attributes
                0x0000027b       0x33 Middlewares/Third_Party/FreeRTOS/Source/portable/GCC/ARM_CM3/port.o
 .ARM.attributes
                0x000002ae       0x33 Middlewares/Third_Party/FreeRTOS/Source/portable/MemMang/heap_4.o
 .ARM.attributes
                0x000002e1       0x33 Src/main.o
 .ARM.attributes
                0x00000314       0x33 Src/stm32f1xx_hal_msp.o
 .ARM.attributes
                0x00000347       0x33 Src/stm32f1xx_hal_timebase_TIM.o
 .ARM.attributes
                0x0000037a       0x33 Src/stm32f1xx_it.o
 .ARM.attributes
                0x000003ad       0x33 Src/system_stm32f1xx.o
 .ARM.attributes
                0x000003e0       0x21 startup/startup_stm32f103xb.o
 .ARM.attributes
                0x00000401       0x2d c:/ac6/systemworkbench/plugins/fr.ac6.mcu.externaltools.arm-none.win32_1.13.2.201705091103/tools/compiler/bin/../lib/gcc/arm-none-eabi/5.4.1/../../../../arm-none-eabi/lib/armv7-m\libc_nano.a(lib_a-init.o)
 .ARM.attributes
                0x0000042e       0x2d c:/ac6/systemworkbench/plugins/fr.ac6.mcu.externaltools.arm-none.win32_1.13.2.201705091103/tools/compiler/bin/../lib/gcc/arm-none-eabi/5.4.1/../../../../arm-none-eabi/lib/armv7-m\libc_nano.a(lib_a-memcpy-stub.o)
 .ARM.attributes
                0x0000045b       0x1d c:/ac6/systemworkbench/plugins/fr.ac6.mcu.externaltools.arm-none.win32_1.13.2.201705091103/tools/compiler/bin/../lib/gcc/arm-none-eabi/5.4.1/armv7-m/crtn.o
OUTPUT(freeRTOS.elf elf32-littlearm)

.debug_info     0x00000000     0xf614
 .debug_info    0x00000000      0x699 Drivers/STM32F1xx_HAL_Driver/Src/stm32f1xx_hal.o
 .debug_info    0x00000699      0xc33 Drivers/STM32F1xx_HAL_Driver/Src/stm32f1xx_hal_cortex.o
 .debug_info    0x000012cc      0x608 Drivers/STM32F1xx_HAL_Driver/Src/stm32f1xx_hal_gpio.o
 .debug_info    0x000018d4     0x12ab Drivers/STM32F1xx_HAL_Driver/Src/stm32f1xx_hal_rcc.o
 .debug_info    0x00002b7f     0x2d8a Drivers/STM32F1xx_HAL_Driver/Src/stm32f1xx_hal_tim.o
 .debug_info    0x00005909     0x11e6 Drivers/STM32F1xx_HAL_Driver/Src/stm32f1xx_hal_tim_ex.o
 .debug_info    0x00006aef     0x1ac2 Middlewares/Third_Party/FreeRTOS/Source/CMSIS_RTOS/cmsis_os.o
 .debug_info    0x000085b1      0x2a5 Middlewares/Third_Party/FreeRTOS/Source/list.o
 .debug_info    0x00008856     0x134f Middlewares/Third_Party/FreeRTOS/Source/queue.o
 .debug_info    0x00009ba5     0x1de7 Middlewares/Third_Party/FreeRTOS/Source/tasks.o
 .debug_info    0x0000b98c      0xdab Middlewares/Third_Party/FreeRTOS/Source/timers.o
 .debug_info    0x0000c737      0x3ed Middlewares/Third_Party/FreeRTOS/Source/portable/GCC/ARM_CM3/port.o
 .debug_info    0x0000cb24      0x3b3 Middlewares/Third_Party/FreeRTOS/Source/portable/MemMang/heap_4.o
 .debug_info    0x0000ced7     0x1026 Src/main.o
 .debug_info    0x0000defd      0x43a Src/stm32f1xx_hal_msp.o
 .debug_info    0x0000e337      0x8d1 Src/stm32f1xx_hal_timebase_TIM.o
 .debug_info    0x0000ec08      0x5ad Src/stm32f1xx_it.o
 .debug_info    0x0000f1b5      0x3eb Src/system_stm32f1xx.o
 .debug_info    0x0000f5a0       0x74 startup/startup_stm32f103xb.o

.debug_abbrev   0x00000000     0x2360
 .debug_abbrev  0x00000000      0x21f Drivers/STM32F1xx_HAL_Driver/Src/stm32f1xx_hal.o
 .debug_abbrev  0x0000021f      0x2bd Drivers/STM32F1xx_HAL_Driver/Src/stm32f1xx_hal_cortex.o
 .debug_abbrev  0x000004dc      0x1cd Drivers/STM32F1xx_HAL_Driver/Src/stm32f1xx_hal_gpio.o
 .debug_abbrev  0x000006a9      0x287 Drivers/STM32F1xx_HAL_Driver/Src/stm32f1xx_hal_rcc.o
 .debug_abbrev  0x00000930      0x22a Drivers/STM32F1xx_HAL_Driver/Src/stm32f1xx_hal_tim.o
 .debug_abbrev  0x00000b5a      0x21b Drivers/STM32F1xx_HAL_Driver/Src/stm32f1xx_hal_tim_ex.o
 .debug_abbrev  0x00000d75      0x2ac Middlewares/Third_Party/FreeRTOS/Source/CMSIS_RTOS/cmsis_os.o
 .debug_abbrev  0x00001021       0xdf Middlewares/Third_Party/FreeRTOS/Source/list.o
 .debug_abbrev  0x00001100      0x1d8 Middlewares/Third_Party/FreeRTOS/Source/queue.o
 .debug_abbrev  0x000012d8      0x29b Middlewares/Third_Party/FreeRTOS/Source/tasks.o
 .debug_abbrev  0x00001573      0x206 Middlewares/Third_Party/FreeRTOS/Source/timers.o
 .debug_abbrev  0x00001779      0x1ff Middlewares/Third_Party/FreeRTOS/Source/portable/GCC/ARM_CM3/port.o
 .debug_abbrev  0x00001978      0x1ce Middlewares/Third_Party/FreeRTOS/Source/portable/MemMang/heap_4.o
 .debug_abbrev  0x00001b46      0x261 Src/main.o
 .debug_abbrev  0x00001da7      0x126 Src/stm32f1xx_hal_msp.o
 .debug_abbrev  0x00001ecd      0x1d4 Src/stm32f1xx_hal_timebase_TIM.o
 .debug_abbrev  0x000020a1      0x188 Src/stm32f1xx_it.o
 .debug_abbrev  0x00002229      0x125 Src/system_stm32f1xx.o
 .debug_abbrev  0x0000234e       0x12 startup/startup_stm32f103xb.o

.debug_loc      0x00000000     0x9eb5
 .debug_loc     0x00000000       0x81 Drivers/STM32F1xx_HAL_Driver/Src/stm32f1xx_hal.o
 .debug_loc     0x00000081      0x527 Drivers/STM32F1xx_HAL_Driver/Src/stm32f1xx_hal_cortex.o
 .debug_loc     0x000005a8      0x377 Drivers/STM32F1xx_HAL_Driver/Src/stm32f1xx_hal_gpio.o
 .debug_loc     0x0000091f      0x8e9 Drivers/STM32F1xx_HAL_Driver/Src/stm32f1xx_hal_rcc.o
 .debug_loc     0x00001208     0x32a5 Drivers/STM32F1xx_HAL_Driver/Src/stm32f1xx_hal_tim.o
 .debug_loc     0x000044ad      0xbdb Drivers/STM32F1xx_HAL_Driver/Src/stm32f1xx_hal_tim_ex.o
 .debug_loc     0x00005088      0xf7f Middlewares/Third_Party/FreeRTOS/Source/CMSIS_RTOS/cmsis_os.o
 .debug_loc     0x00006007       0x65 Middlewares/Third_Party/FreeRTOS/Source/list.o
 .debug_loc     0x0000606c     0x160c Middlewares/Third_Party/FreeRTOS/Source/queue.o
 .debug_loc     0x00007678     0x18d0 Middlewares/Third_Party/FreeRTOS/Source/tasks.o
 .debug_loc     0x00008f48      0xa3b Middlewares/Third_Party/FreeRTOS/Source/timers.o
 .debug_loc     0x00009983       0xa6 Middlewares/Third_Party/FreeRTOS/Source/portable/GCC/ARM_CM3/port.o
 .debug_loc     0x00009a29      0x27b Middlewares/Third_Party/FreeRTOS/Source/portable/MemMang/heap_4.o
 .debug_loc     0x00009ca4       0xb9 Src/main.o
 .debug_loc     0x00009d5d       0x79 Src/stm32f1xx_hal_timebase_TIM.o
 .debug_loc     0x00009dd6       0xdf Src/system_stm32f1xx.o

.debug_aranges  0x00000000      0xde0
 .debug_aranges
                0x00000000       0xb0 Drivers/STM32F1xx_HAL_Driver/Src/stm32f1xx_hal.o
 .debug_aranges
                0x000000b0       0x90 Drivers/STM32F1xx_HAL_Driver/Src/stm32f1xx_hal_cortex.o
 .debug_aranges
                0x00000140       0x58 Drivers/STM32F1xx_HAL_Driver/Src/stm32f1xx_hal_gpio.o
 .debug_aranges
                0x00000198       0x88 Drivers/STM32F1xx_HAL_Driver/Src/stm32f1xx_hal_rcc.o
 .debug_aranges
                0x00000220      0x368 Drivers/STM32F1xx_HAL_Driver/Src/stm32f1xx_hal_tim.o
 .debug_aranges
                0x00000588      0x138 Drivers/STM32F1xx_HAL_Driver/Src/stm32f1xx_hal_tim_ex.o
 .debug_aranges
                0x000006c0      0x1b0 Middlewares/Third_Party/FreeRTOS/Source/CMSIS_RTOS/cmsis_os.o
 .debug_aranges
                0x00000870       0x40 Middlewares/Third_Party/FreeRTOS/Source/list.o
 .debug_aranges
                0x000008b0       0xd8 Middlewares/Third_Party/FreeRTOS/Source/queue.o
 .debug_aranges
                0x00000988      0x190 Middlewares/Third_Party/FreeRTOS/Source/tasks.o
 .debug_aranges
                0x00000b18       0x98 Middlewares/Third_Party/FreeRTOS/Source/timers.o
 .debug_aranges
                0x00000bb0       0x90 Middlewares/Third_Party/FreeRTOS/Source/portable/GCC/ARM_CM3/port.o
 .debug_aranges
                0x00000c40       0x50 Middlewares/Third_Party/FreeRTOS/Source/portable/MemMang/heap_4.o
 .debug_aranges
                0x00000c90       0x58 Src/main.o
 .debug_aranges
                0x00000ce8       0x20 Src/stm32f1xx_hal_msp.o
 .debug_aranges
                0x00000d08       0x30 Src/stm32f1xx_hal_timebase_TIM.o
 .debug_aranges
                0x00000d38       0x58 Src/stm32f1xx_it.o
 .debug_aranges
                0x00000d90       0x28 Src/system_stm32f1xx.o
 .debug_aranges
                0x00000db8       0x28 startup/startup_stm32f103xb.o

.debug_ranges   0x00000000      0xcd0
 .debug_ranges  0x00000000       0xa0 Drivers/STM32F1xx_HAL_Driver/Src/stm32f1xx_hal.o
 .debug_ranges  0x000000a0       0x80 Drivers/STM32F1xx_HAL_Driver/Src/stm32f1xx_hal_cortex.o
 .debug_ranges  0x00000120       0x48 Drivers/STM32F1xx_HAL_Driver/Src/stm32f1xx_hal_gpio.o
 .debug_ranges  0x00000168       0x78 Drivers/STM32F1xx_HAL_Driver/Src/stm32f1xx_hal_rcc.o
 .debug_ranges  0x000001e0      0x358 Drivers/STM32F1xx_HAL_Driver/Src/stm32f1xx_hal_tim.o
 .debug_ranges  0x00000538      0x128 Drivers/STM32F1xx_HAL_Driver/Src/stm32f1xx_hal_tim_ex.o
 .debug_ranges  0x00000660      0x1a0 Middlewares/Third_Party/FreeRTOS/Source/CMSIS_RTOS/cmsis_os.o
 .debug_ranges  0x00000800       0x30 Middlewares/Third_Party/FreeRTOS/Source/list.o
 .debug_ranges  0x00000830       0xc8 Middlewares/Third_Party/FreeRTOS/Source/queue.o
 .debug_ranges  0x000008f8      0x198 Middlewares/Third_Party/FreeRTOS/Source/tasks.o
 .debug_ranges  0x00000a90       0x88 Middlewares/Third_Party/FreeRTOS/Source/timers.o
 .debug_ranges  0x00000b18       0x80 Middlewares/Third_Party/FreeRTOS/Source/portable/GCC/ARM_CM3/port.o
 .debug_ranges  0x00000b98       0x40 Middlewares/Third_Party/FreeRTOS/Source/portable/MemMang/heap_4.o
 .debug_ranges  0x00000bd8       0x48 Src/main.o
 .debug_ranges  0x00000c20       0x10 Src/stm32f1xx_hal_msp.o
 .debug_ranges  0x00000c30       0x20 Src/stm32f1xx_hal_timebase_TIM.o
 .debug_ranges  0x00000c50       0x48 Src/stm32f1xx_it.o
 .debug_ranges  0x00000c98       0x18 Src/system_stm32f1xx.o
 .debug_ranges  0x00000cb0       0x20 startup/startup_stm32f103xb.o

.debug_macro    0x00000000    0x1a6cc
 .debug_macro   0x00000000      0x2f4 Drivers/STM32F1xx_HAL_Driver/Src/stm32f1xx_hal.o
 .debug_macro   0x000002f4      0x880 Drivers/STM32F1xx_HAL_Driver/Src/stm32f1xx_hal.o
 .debug_macro   0x00000b74       0x2e Drivers/STM32F1xx_HAL_Driver/Src/stm32f1xx_hal.o
 .debug_macro   0x00000ba2      0x15b Drivers/STM32F1xx_HAL_Driver/Src/stm32f1xx_hal.o
 .debug_macro   0x00000cfd       0x2e Drivers/STM32F1xx_HAL_Driver/Src/stm32f1xx_hal.o
 .debug_macro   0x00000d2b       0x22 Drivers/STM32F1xx_HAL_Driver/Src/stm32f1xx_hal.o
 .debug_macro   0x00000d4d       0x22 Drivers/STM32F1xx_HAL_Driver/Src/stm32f1xx_hal.o
 .debug_macro   0x00000d6f       0x87 Drivers/STM32F1xx_HAL_Driver/Src/stm32f1xx_hal.o
 .debug_macro   0x00000df6       0x44 Drivers/STM32F1xx_HAL_Driver/Src/stm32f1xx_hal.o
 .debug_macro   0x00000e3a       0xfd Drivers/STM32F1xx_HAL_Driver/Src/stm32f1xx_hal.o
 .debug_macro   0x00000f37       0x5e Drivers/STM32F1xx_HAL_Driver/Src/stm32f1xx_hal.o
 .debug_macro   0x00000f95      0x1df Drivers/STM32F1xx_HAL_Driver/Src/stm32f1xx_hal.o
 .debug_macro   0x00001174       0x34 Drivers/STM32F1xx_HAL_Driver/Src/stm32f1xx_hal.o
 .debug_macro   0x000011a8       0x34 Drivers/STM32F1xx_HAL_Driver/Src/stm32f1xx_hal.o
 .debug_macro   0x000011dc      0xb8e Drivers/STM32F1xx_HAL_Driver/Src/stm32f1xx_hal.o
 .debug_macro   0x00001d6a     0xf2f7 Drivers/STM32F1xx_HAL_Driver/Src/stm32f1xx_hal.o
 .debug_macro   0x00011061       0x43 Drivers/STM32F1xx_HAL_Driver/Src/stm32f1xx_hal.o
 .debug_macro   0x000110a4     0x3383 Drivers/STM32F1xx_HAL_Driver/Src/stm32f1xx_hal.o
 .debug_macro   0x00014427       0x52 Drivers/STM32F1xx_HAL_Driver/Src/stm32f1xx_hal.o
 .debug_macro   0x00014479       0x35 Drivers/STM32F1xx_HAL_Driver/Src/stm32f1xx_hal.o
 .debug_macro   0x000144ae       0x9c Drivers/STM32F1xx_HAL_Driver/Src/stm32f1xx_hal.o
 .debug_macro   0x0001454a       0x16 Drivers/STM32F1xx_HAL_Driver/Src/stm32f1xx_hal.o
 .debug_macro   0x00014560       0x97 Drivers/STM32F1xx_HAL_Driver/Src/stm32f1xx_hal.o
 .debug_macro   0x000145f7      0x30d Drivers/STM32F1xx_HAL_Driver/Src/stm32f1xx_hal.o
 .debug_macro   0x00014904       0xfd Drivers/STM32F1xx_HAL_Driver/Src/stm32f1xx_hal.o
 .debug_macro   0x00014a01       0x10 Drivers/STM32F1xx_HAL_Driver/Src/stm32f1xx_hal.o
 .debug_macro   0x00014a11       0x52 Drivers/STM32F1xx_HAL_Driver/Src/stm32f1xx_hal.o
 .debug_macro   0x00014a63       0x1f Drivers/STM32F1xx_HAL_Driver/Src/stm32f1xx_hal.o
 .debug_macro   0x00014a82       0x43 Drivers/STM32F1xx_HAL_Driver/Src/stm32f1xx_hal.o
 .debug_macro   0x00014ac5       0x20 Drivers/STM32F1xx_HAL_Driver/Src/stm32f1xx_hal.o
 .debug_macro   0x00014ae5      0x187 Drivers/STM32F1xx_HAL_Driver/Src/stm32f1xx_hal.o
 .debug_macro   0x00014c6c       0x10 Drivers/STM32F1xx_HAL_Driver/Src/stm32f1xx_hal.o
 .debug_macro   0x00014c7c       0x1c Drivers/STM32F1xx_HAL_Driver/Src/stm32f1xx_hal.o
 .debug_macro   0x00014c98       0x52 Drivers/STM32F1xx_HAL_Driver/Src/stm32f1xx_hal.o
 .debug_macro   0x00014cea       0x40 Drivers/STM32F1xx_HAL_Driver/Src/stm32f1xx_hal.o
 .debug_macro   0x00014d2a       0x10 Drivers/STM32F1xx_HAL_Driver/Src/stm32f1xx_hal.o
 .debug_macro   0x00014d3a       0x40 Drivers/STM32F1xx_HAL_Driver/Src/stm32f1xx_hal.o
 .debug_macro   0x00014d7a       0xd7 Drivers/STM32F1xx_HAL_Driver/Src/stm32f1xx_hal.o
 .debug_macro   0x00014e51       0x16 Drivers/STM32F1xx_HAL_Driver/Src/stm32f1xx_hal.o
 .debug_macro   0x00014e67      0x18b Drivers/STM32F1xx_HAL_Driver/Src/stm32f1xx_hal.o
 .debug_macro   0x00014ff2       0x50 Drivers/STM32F1xx_HAL_Driver/Src/stm32f1xx_hal.o
 .debug_macro   0x00015042      0x778 Drivers/STM32F1xx_HAL_Driver/Src/stm32f1xx_hal.o
 .debug_macro   0x000157ba      0x28b Drivers/STM32F1xx_HAL_Driver/Src/stm32f1xx_hal.o
 .debug_macro   0x00015a45      0x141 Drivers/STM32F1xx_HAL_Driver/Src/stm32f1xx_hal.o
 .debug_macro   0x00015b86      0x197 Drivers/STM32F1xx_HAL_Driver/Src/stm32f1xx_hal.o
 .debug_macro   0x00015d1d      0x1ae Drivers/STM32F1xx_HAL_Driver/Src/stm32f1xx_hal.o
 .debug_macro   0x00015ecb       0x2d Drivers/STM32F1xx_HAL_Driver/Src/stm32f1xx_hal.o
 .debug_macro   0x00015ef8       0x3c Drivers/STM32F1xx_HAL_Driver/Src/stm32f1xx_hal.o
 .debug_macro   0x00015f34       0x57 Drivers/STM32F1xx_HAL_Driver/Src/stm32f1xx_hal.o
 .debug_macro   0x00015f8b       0x8c Drivers/STM32F1xx_HAL_Driver/Src/stm32f1xx_hal.o
 .debug_macro   0x00016017      0x242 Drivers/STM32F1xx_HAL_Driver/Src/stm32f1xx_hal.o
 .debug_macro   0x00016259      0x143 Drivers/STM32F1xx_HAL_Driver/Src/stm32f1xx_hal.o
 .debug_macro   0x0001639c      0x83e Drivers/STM32F1xx_HAL_Driver/Src/stm32f1xx_hal.o
 .debug_macro   0x00016bda       0x11 Drivers/STM32F1xx_HAL_Driver/Src/stm32f1xx_hal.o
 .debug_macro   0x00016beb       0x7c Drivers/STM32F1xx_HAL_Driver/Src/stm32f1xx_hal.o
 .debug_macro   0x00016c67      0x2d0 Drivers/STM32F1xx_HAL_Driver/Src/stm32f1xx_hal_cortex.o
 .debug_macro   0x00016f37      0x340 Drivers/STM32F1xx_HAL_Driver/Src/stm32f1xx_hal_gpio.o
 .debug_macro   0x00017277      0x2f4 Drivers/STM32F1xx_HAL_Driver/Src/stm32f1xx_hal_rcc.o
 .debug_macro   0x0001756b      0x2d1 Drivers/STM32F1xx_HAL_Driver/Src/stm32f1xx_hal_tim.o
 .debug_macro   0x0001783c      0x2d0 Drivers/STM32F1xx_HAL_Driver/Src/stm32f1xx_hal_tim_ex.o
 .debug_macro   0x00017b0c      0x1f4 Middlewares/Third_Party/FreeRTOS/Source/CMSIS_RTOS/cmsis_os.o
 .debug_macro   0x00017d00       0x4c Middlewares/Third_Party/FreeRTOS/Source/CMSIS_RTOS/cmsis_os.o
 .debug_macro   0x00017d4c       0x8d Middlewares/Third_Party/FreeRTOS/Source/CMSIS_RTOS/cmsis_os.o
 .debug_macro   0x00017dd9      0x174 Middlewares/Third_Party/FreeRTOS/Source/CMSIS_RTOS/cmsis_os.o
 .debug_macro   0x00017f4d       0x4a Middlewares/Third_Party/FreeRTOS/Source/CMSIS_RTOS/cmsis_os.o
 .debug_macro   0x00017f97       0x10 Middlewares/Third_Party/FreeRTOS/Source/CMSIS_RTOS/cmsis_os.o
 .debug_macro   0x00017fa7       0x35 Middlewares/Third_Party/FreeRTOS/Source/CMSIS_RTOS/cmsis_os.o
 .debug_macro   0x00017fdc       0x16 Middlewares/Third_Party/FreeRTOS/Source/CMSIS_RTOS/cmsis_os.o
 .debug_macro   0x00017ff2       0x26 Middlewares/Third_Party/FreeRTOS/Source/CMSIS_RTOS/cmsis_os.o
 .debug_macro   0x00018018       0xe0 Middlewares/Third_Party/FreeRTOS/Source/CMSIS_RTOS/cmsis_os.o
 .debug_macro   0x000180f8      0x15d Middlewares/Third_Party/FreeRTOS/Source/CMSIS_RTOS/cmsis_os.o
 .debug_macro   0x00018255       0xd9 Middlewares/Third_Party/FreeRTOS/Source/CMSIS_RTOS/cmsis_os.o
 .debug_macro   0x0001832e       0x10 Middlewares/Third_Party/FreeRTOS/Source/CMSIS_RTOS/cmsis_os.o
 .debug_macro   0x0001833e       0x1f Middlewares/Third_Party/FreeRTOS/Source/CMSIS_RTOS/cmsis_os.o
 .debug_macro   0x0001835d      0x3ed Middlewares/Third_Party/FreeRTOS/Source/CMSIS_RTOS/cmsis_os.o
 .debug_macro   0x0001874a       0xc0 Middlewares/Third_Party/FreeRTOS/Source/CMSIS_RTOS/cmsis_os.o
 .debug_macro   0x0001880a       0x9a Middlewares/Third_Party/FreeRTOS/Source/CMSIS_RTOS/cmsis_os.o
 .debug_macro   0x000188a4       0x91 Middlewares/Third_Party/FreeRTOS/Source/CMSIS_RTOS/cmsis_os.o
 .debug_macro   0x00018935       0xb0 Middlewares/Third_Party/FreeRTOS/Source/CMSIS_RTOS/cmsis_os.o
 .debug_macro   0x000189e5       0x7f Middlewares/Third_Party/FreeRTOS/Source/CMSIS_RTOS/cmsis_os.o
 .debug_macro   0x00018a64       0x19 Middlewares/Third_Party/FreeRTOS/Source/CMSIS_RTOS/cmsis_os.o
 .debug_macro   0x00018a7d       0xcf Middlewares/Third_Party/FreeRTOS/Source/CMSIS_RTOS/cmsis_os.o
 .debug_macro   0x00018b4c      0x18b Middlewares/Third_Party/FreeRTOS/Source/list.o
 .debug_macro   0x00018cd7      0x207 Middlewares/Third_Party/FreeRTOS/Source/queue.o
 .debug_macro   0x00018ede       0x16 Middlewares/Third_Party/FreeRTOS/Source/queue.o
 .debug_macro   0x00018ef4      0x243 Middlewares/Third_Party/FreeRTOS/Source/tasks.o
 .debug_macro   0x00019137       0x11 Middlewares/Third_Party/FreeRTOS/Source/tasks.o
 .debug_macro   0x00019148      0x1c8 Middlewares/Third_Party/FreeRTOS/Source/timers.o
 .debug_macro   0x00019310      0x17e Middlewares/Third_Party/FreeRTOS/Source/portable/GCC/ARM_CM3/port.o
 .debug_macro   0x0001948e      0x1b2 Middlewares/Third_Party/FreeRTOS/Source/portable/MemMang/heap_4.o
 .debug_macro   0x00019640      0x395 Src/main.o
 .debug_macro   0x000199d5       0xe6 Src/main.o
 .debug_macro   0x00019abb      0x2d0 Src/stm32f1xx_hal_msp.o
 .debug_macro   0x00019d8b      0x2d0 Src/stm32f1xx_hal_timebase_TIM.o
 .debug_macro   0x0001a05b      0x39b Src/stm32f1xx_it.o
 .debug_macro   0x0001a3f6      0x2d6 Src/system_stm32f1xx.o

.debug_line     0x00000000     0xae06
 .debug_line    0x00000000      0x8a1 Drivers/STM32F1xx_HAL_Driver/Src/stm32f1xx_hal.o
 .debug_line    0x000008a1      0x8dd Drivers/STM32F1xx_HAL_Driver/Src/stm32f1xx_hal_cortex.o
 .debug_line    0x0000117e      0x8c7 Drivers/STM32F1xx_HAL_Driver/Src/stm32f1xx_hal_gpio.o
 .debug_line    0x00001a45      0xc14 Drivers/STM32F1xx_HAL_Driver/Src/stm32f1xx_hal_rcc.o
 .debug_line    0x00002659     0x15cd Drivers/STM32F1xx_HAL_Driver/Src/stm32f1xx_hal_tim.o
 .debug_line    0x00003c26      0xce0 Drivers/STM32F1xx_HAL_Driver/Src/stm32f1xx_hal_tim_ex.o
 .debug_line    0x00004906      0xb6b Middlewares/Third_Party/FreeRTOS/Source/CMSIS_RTOS/cmsis_os.o
 .debug_line    0x00005471      0x564 Middlewares/Third_Party/FreeRTOS/Source/list.o
 .debug_line    0x000059d5      0x9d7 Middlewares/Third_Party/FreeRTOS/Source/queue.o
 .debug_line    0x000063ac      0xd0a Middlewares/Third_Party/FreeRTOS/Source/tasks.o
 .debug_line    0x000070b6      0x740 Middlewares/Third_Party/FreeRTOS/Source/timers.o
 .debug_line    0x000077f6      0x5e0 Middlewares/Third_Party/FreeRTOS/Source/portable/GCC/ARM_CM3/port.o
 .debug_line    0x00007dd6      0x616 Middlewares/Third_Party/FreeRTOS/Source/portable/MemMang/heap_4.o
 .debug_line    0x000083ec      0x9ec Src/main.o
 .debug_line    0x00008dd8      0x73e Src/stm32f1xx_hal_msp.o
 .debug_line    0x00009516      0x76e Src/stm32f1xx_hal_timebase_TIM.o
 .debug_line    0x00009c84      0x9a0 Src/stm32f1xx_it.o
 .debug_line    0x0000a624      0x765 Src/system_stm32f1xx.o
 .debug_line    0x0000ad89       0x7d startup/startup_stm32f103xb.o

.debug_str      0x00000000    0x92d8e
 .debug_str     0x00000000    0x88625 Drivers/STM32F1xx_HAL_Driver/Src/stm32f1xx_hal.o
                              0x88ac2 (size before relaxing)
 .debug_str     0x00088625      0x2c6 Drivers/STM32F1xx_HAL_Driver/Src/stm32f1xx_hal_cortex.o
                              0x88ac0 (size before relaxing)
 .debug_str     0x000888eb      0x459 Drivers/STM32F1xx_HAL_Driver/Src/stm32f1xx_hal_gpio.o
                              0x888a5 (size before relaxing)
 .debug_str     0x00088d44      0x3e2 Drivers/STM32F1xx_HAL_Driver/Src/stm32f1xx_hal_rcc.o
                              0x88910 (size before relaxing)
 .debug_str     0x00089126     0x104b Drivers/STM32F1xx_HAL_Driver/Src/stm32f1xx_hal_tim.o
                              0x89526 (size before relaxing)
 .debug_str     0x0008a171      0x4d0 Drivers/STM32F1xx_HAL_Driver/Src/stm32f1xx_hal_tim_ex.o
                              0x88dc0 (size before relaxing)
 .debug_str     0x0008a641     0x61a5 Middlewares/Third_Party/FreeRTOS/Source/CMSIS_RTOS/cmsis_os.o
                               0xc186 (size before relaxing)
 .debug_str     0x000907e6      0x22a Middlewares/Third_Party/FreeRTOS/Source/list.o
                               0x8f25 (size before relaxing)
 .debug_str     0x00090a10      0x73c Middlewares/Third_Party/FreeRTOS/Source/queue.o
                               0xa920 (size before relaxing)
 .debug_str     0x0009114c      0xd4e Middlewares/Third_Party/FreeRTOS/Source/tasks.o
                               0xaf9b (size before relaxing)
 .debug_str     0x00091e9a      0x398 Middlewares/Third_Party/FreeRTOS/Source/timers.o
                               0xadec (size before relaxing)
 .debug_str     0x00092232      0x63d Middlewares/Third_Party/FreeRTOS/Source/portable/GCC/ARM_CM3/port.o
                               0x7574 (size before relaxing)
 .debug_str     0x0009286f      0x23a Middlewares/Third_Party/FreeRTOS/Source/portable/MemMang/heap_4.o
                               0x980f (size before relaxing)
 .debug_str     0x00092aa9      0x16b Src/main.o
                              0x8e73b (size before relaxing)
 .debug_str     0x00092c14       0x1b Src/stm32f1xx_hal_msp.o
                              0x88736 (size before relaxing)
 .debug_str     0x00092c2f       0x61 Src/stm32f1xx_hal_timebase_TIM.o
                              0x88beb (size before relaxing)
 .debug_str     0x00092c90       0x9d Src/stm32f1xx_it.o
                              0x8df12 (size before relaxing)
 .debug_str     0x00092d2d       0x61 Src/system_stm32f1xx.o
                              0x884d6 (size before relaxing)

.comment        0x00000000       0x6e
 .comment       0x00000000       0x6e Drivers/STM32F1xx_HAL_Driver/Src/stm32f1xx_hal.o
                                 0x6f (size before relaxing)
 .comment       0x0000006e       0x6f Drivers/STM32F1xx_HAL_Driver/Src/stm32f1xx_hal_cortex.o
 .comment       0x0000006e       0x6f Drivers/STM32F1xx_HAL_Driver/Src/stm32f1xx_hal_gpio.o
 .comment       0x0000006e       0x6f Drivers/STM32F1xx_HAL_Driver/Src/stm32f1xx_hal_rcc.o
 .comment       0x0000006e       0x6f Drivers/STM32F1xx_HAL_Driver/Src/stm32f1xx_hal_tim.o
 .comment       0x0000006e       0x6f Drivers/STM32F1xx_HAL_Driver/Src/stm32f1xx_hal_tim_ex.o
 .comment       0x0000006e       0x6f Middlewares/Third_Party/FreeRTOS/Source/CMSIS_RTOS/cmsis_os.o
 .comment       0x0000006e       0x6f Middlewares/Third_Party/FreeRTOS/Source/list.o
 .comment       0x0000006e       0x6f Middlewares/Third_Party/FreeRTOS/Source/queue.o
 .comment       0x0000006e       0x6f Middlewares/Third_Party/FreeRTOS/Source/tasks.o
 .comment       0x0000006e       0x6f Middlewares/Third_Party/FreeRTOS/Source/timers.o
 .comment       0x0000006e       0x6f Middlewares/Third_Party/FreeRTOS/Source/portable/GCC/ARM_CM3/port.o
 .comment       0x0000006e       0x6f Middlewares/Third_Party/FreeRTOS/Source/portable/MemMang/heap_4.o
 .comment       0x0000006e       0x6f Src/main.o
 .comment       0x0000006e       0x6f Src/stm32f1xx_hal_msp.o
 .comment       0x0000006e       0x6f Src/stm32f1xx_hal_timebase_TIM.o
 .comment       0x0000006e       0x6f Src/stm32f1xx_it.o
 .comment       0x0000006e       0x6f Src/system_stm32f1xx.o

.debug_frame    0x00000000     0x2578
 .debug_frame   0x00000000      0x168 Drivers/STM32F1xx_HAL_Driver/Src/stm32f1xx_hal.o
 .debug_frame   0x00000168      0x124 Drivers/STM32F1xx_HAL_Driver/Src/stm32f1xx_hal_cortex.o
 .debug_frame   0x0000028c       0xc4 Drivers/STM32F1xx_HAL_Driver/Src/stm32f1xx_hal_gpio.o
 .debug_frame   0x00000350      0x158 Drivers/STM32F1xx_HAL_Driver/Src/stm32f1xx_hal_rcc.o
 .debug_frame   0x000004a8      0x9cc Drivers/STM32F1xx_HAL_Driver/Src/stm32f1xx_hal_tim.o
 .debug_frame   0x00000e74      0x3b8 Drivers/STM32F1xx_HAL_Driver/Src/stm32f1xx_hal_tim_ex.o
 .debug_frame   0x0000122c      0x534 Middlewares/Third_Party/FreeRTOS/Source/CMSIS_RTOS/cmsis_os.o
 .debug_frame   0x00001760       0x6c Middlewares/Third_Party/FreeRTOS/Source/list.o
 .debug_frame   0x000017cc      0x28c Middlewares/Third_Party/FreeRTOS/Source/queue.o
 .debug_frame   0x00001a58      0x4e8 Middlewares/Third_Party/FreeRTOS/Source/tasks.o
 .debug_frame   0x00001f40      0x1d4 Middlewares/Third_Party/FreeRTOS/Source/timers.o
 .debug_frame   0x00002114      0x138 Middlewares/Third_Party/FreeRTOS/Source/portable/GCC/ARM_CM3/port.o
 .debug_frame   0x0000224c       0xac Middlewares/Third_Party/FreeRTOS/Source/portable/MemMang/heap_4.o
 .debug_frame   0x000022f8       0xe4 Src/main.o
 .debug_frame   0x000023dc       0x2c Src/stm32f1xx_hal_msp.o
 .debug_frame   0x00002408       0x4c Src/stm32f1xx_hal_timebase_TIM.o
 .debug_frame   0x00002454       0xa0 Src/stm32f1xx_it.o
 .debug_frame   0x000024f4       0x30 Src/system_stm32f1xx.o
 .debug_frame   0x00002524       0x2c c:/ac6/systemworkbench/plugins/fr.ac6.mcu.externaltools.arm-none.win32_1.13.2.201705091103/tools/compiler/bin/../lib/gcc/arm-none-eabi/5.4.1/../../../../arm-none-eabi/lib/armv7-m\libc_nano.a(lib_a-init.o)
 .debug_frame   0x00002550       0x28 c:/ac6/systemworkbench/plugins/fr.ac6.mcu.externaltools.arm-none.win32_1.13.2.201705091103/tools/compiler/bin/../lib/gcc/arm-none-eabi/5.4.1/../../../../arm-none-eabi/lib/armv7-m\libc_nano.a(lib_a-memcpy-stub.o)
